aha
aka
ans
arr
auk
ave
bas
bbl
bes
bis
biz
bpi
bps
brr
bur
bxs
bys
cay
cha
chg
chm
cir
col
cos
cpd
cpl
cps
cum
cwt
dbi
dbm
dbw
deb
dee
deg
dis
duh
dun
eds
ell
emf
ems
enc
ere
erg
err
esp
est
eve
exp
ext
fag
fas
fay
fem
fer
fie
fig
flt
fol
fop
fps
fro
ftp
fut
fwd
gab
gad
gen
gyp
hap
hep
hgt
hie
hod
hos
hoy
ids
ifs
iii
ins
ism
jct
jiu
ken
khz
kif
kph
kwh
lac
lam
lbs
lbw
lea
lee
lib
liq
lox
mar
lye
mac
mah
mas
mas
mes
mfg
mfr
mgr
mks
mod
mos
mpg
mph
mus
neg
nix
nth
oho
ohs
ons
ooh
opp
ops
ops
ors
pap
pas
pcm
pep
per
phi
pix
ppm
ppr
psi
pvt
pyx
qua
ref
reg
rem
rep
rev
rho
rpm
rps
rte
sec
sic
sis
soi
sol
sop
sot
sou
sup
tac
tad
tat
tau
tho
thy
tic
tom
tor
ugh
uni
ups
ups
veg
vie
vii
vim
vis
viz
vol
wpm
xii
xiv
xvi
nob
pom
pre
pus
tot
tun
tut
wan
wog
wop
yea
yep
yin
yob
yon
zed
acct
acer
actuals
afro
agiler
agilest
agreer
agreers
ahas
ahems
ahoys
airmass
aisling
alases
allegri
allier
alundum
ambrose
amened
amener
amening
anded
anders
anding
annalen
apolar
approx
archest
arclike
argy
ariser
asap
asher
assen
assized
assn
asst
astuter
avasts
avaunts
awrier
awriest
axehead
baconer
baddish
bahs
balun
bandier
bargied
bargies
bargy
barnful
bater
baulker
bdrm
beagled
beamer
beamers
beaner
beaners
beecher
begones
belate
bely
beman
besomed
bester
betcha
bickies
bigged
bingen
binodal
biol
bitblt
bitblts
bitser
bitwise
blahed
blahing
blanc
bldg
blimeys
blowies
blvd
bocked
bocking
bona
bonsais
booksy
boolean
bosser
bowser
boxtops
boyer
bric
bricker
brownly
brunted
bruter
bulbing
bulker
bumhole
burntly
bursty
buzzy
byers
cacher
cackly
cagoule
callows
cammed
canings
carnied
cartful
carvery
casteth
causate
centrer
cert
certs
chem
chge
chocker
chunder
ciaos
clodded
closish
cobbed
cobbing
coccis
cohoes
cokey
comm
conched
conmen
cont
contd
copsed
copsing
corr
cotted
cramper
crimed
criming
criss
crocker
crouped
cruels
cryings
cubbed
cubbing
cul
culpas
cums
dabbest
daggier
daggy
dammits
daysack
deducer
deepish
deja
deleter
delicti
demi
demist
demists
denoter
dequeue
detune
detuned
detunes
diam
diem
diethyl
digram
dingos
dirged
dirging
disant
divings
donged
donging
dooper
doored
dooring
doveish
dreader
drooler
drunkly
duffed
duffing
dumpies
dunnies
dunno
dunny
dupion
earlies
easer
educ
emfs
empt
empted
empting
emption
emptive
emptor
empts
encl
enqueue
equiv
erk
eurekas
factly
facto
faff
faffed
faffing
faffs
faire
falutin
fanout
fatale
fatales
feely
ferro
fibred
flaks
flecker
fluents
flyhalf
fogydom
foll
freon
freons
freq
friezed
froid
fros
fullish
gabler
galen
garde
gauzed
gauzing
genned
genning
geog
geom
ginmill
giveth
gladdy
globals
goitred
gollies
gooder
gooders
goshes
gotta
grover
grovers
guyer
guyers
gypsite
habeas
halfwit
hara
hardish
hasher
hassler
haywain
hdqrs
hectics
helter
hgwy
hidey
highish
hirings
hodge
hodges
hoity
hoons
horner
horsely
hosp
hough
html
http
huhs
hulaed
hulaing
hwyl
hymnic
ibid
inhold
inst
intra
ioniser
ipso
isodine
ispell
jiggery
jitsu
jong
jongg
kaboom
kbps
kcal
keeler
kelpers
kia
kidless
kilohm
kinda
kiri
kiwiana
kludger
knick
kotuku
kyle
kyles
ladded
ladding
laissez
lamper
lemme
lenser
lensers
libbed
libbing
libero
lieut
lieux
lignum
lilly
limboed
linties
lites
logout
lolita
lolitas
lossier
lovings
ludo
manuka
marae
masc
matai
matily
mdse
meataxe
mewses
mfrs
midspan
miraged
misc
mopily
mortem
mortems
mossies
moued
mouing
movings
mozzie
mozzies
mrna
multi
mumbo
munge
munged
munger
mungers
munges
munging
mutator
myopics
naffer
namby
nannied
narkier
natl
neut
newline
nilly
noire
noires
non
norming
nosies
nots
nroff
nucleic
oakwood
octals
octile
officio
ohos
omni
oncer
oner
oopses
operadi
orig
outang
outangs
outgrip
ovates
ovums
paceman
paeony
pamby
panky
parkier
parky
parter
parters
peepy
peevers
pell
pents
percha
perts
petits
petties
phaser
phasers
phews
phooeys
phys
pianola
pico
pikelet
pilers
pince
pixmap
pixmaps
plebby
plonker
plumery
plumpy
pocus
pogo
pokery
potents
pounamu
pourri
pourris
pref
priori
priser
prisers
pssts
pubbed
pubbing
pukeko
pyruvic
quiesce
quizzy
quorate
raison
rans
rata
redback
reddy
remould
renegue
rescan
rescans
retiral
retrod
ribcage
righten
rimu
roadmap
roly
rooibos
rooinek
runtime
rustre
rustres
saltly
scalder
setted
shchi
shirted
sidedly
simon
sixer
skol
skyless
smilies
smoko
smokos
socio
soonish
spatio
sphagna
spittly
sprog
sprogs
spyhole
sqrt
squidgy
squirl
stormer
strim
sunbeds
swizz
swizzes
taxings
termism
tickety
tittled
tizz
tock
tocked
tocking
tocks
toheroa
toity
toolkit
topsy
toruses
totara
towbar
towbars
trannie
triffid
trna
tryings
tum
tunings
turvy
tweaker
tweer
tweest
uncared
uncheck
unlap
unmount
untiled
untyped
untyred
unwaged
unwire
unwired
urgings
utan
utans
uucp
versa
vialful
videoed
viii
vitro
vivendi
vivo
vocoded
waka
wakeup
walkie
weta
whare
wharfie
whoo
wishy
worktop
xiii
yobbism
yonks